../Core/Src/main.c:72:5:_write	24	static
../Core/Src/main.c:78:24:avg_u16	24	static
../Core/Src/main.c:89:5:main	32	static
../Core/Src/main.c:150:6:SystemClock_Config	88	static
../Core/Src/main.c:194:13:MX_ADC1_Init	24	static
../Core/Src/main.c:241:13:MX_USART1_UART_Init	8	static
../Core/Src/main.c:272:13:MX_DMA_Init	16	static
../Core/Src/main.c:290:13:MX_GPIO_Init	16	static
../Core/Src/main.c:307:6:HAL_ADC_ConvHalfCpltCallback	16	static
../Core/Src/main.c:315:6:HAL_ADC_ConvCpltCallback	16	static
../Core/Src/main.c:327:6:Error_Handler	4	static,ignoring_inline_asm
